// Jest Snapshot v1, https://goo.gl/fbAQLP

exports[`connection initalization 1`] = `"sql db connection is not initialized"`;

exports[`insertPrice 1`] = `"INSERT INTO eth_historical_price VALUES ('1234567890','123','456')"`;

exports[`insertTradeData 1`] = `"REPLACE eth_trades VALUES ('src','id','123','456','1234567890','0')"`;

exports[`readLastPrice 1`] = `"SELECT * FROM eth_historical_price order by timestamp DESC LIMIT 1"`;

exports[`readLastPrice 2`] = `
Object {
  "price": 123,
  "timestamp": 1234567890,
  "volume": 456,
}
`;

exports[`readSourceData 1`] = `"SELECT * FROM eth_trades WHERE timestamp >= 1230967890 AND timestamp <= 1234567890"`;

exports[`readSourceData 2`] = `
Array [
  Object {
    "amount": 456,
    "id": "id1",
    "price": 123,
    "source": "src1",
    "timestamp": 1234567890,
  },
  Object {
    "amount": 567,
    "id": "id2",
    "price": 234,
    "source": "src2",
    "timestamp": 2345678901,
  },
]
`;
