// Jest Snapshot v1, https://goo.gl/fbAQLP

exports[`parseOptions 1`] = `
Object {
  "accountNum": 1,
  "addr1": "",
  "addr2": "",
  "address": "",
  "alpha": 0.3,
  "amtA": 0,
  "amtB": 0,
  "assets": Array [
    "quote",
    "base",
  ],
  "aws": false,
  "azure": false,
  "contractState": "",
  "dbLive": false,
  "dynamo": false,
  "endBlk": 0,
  "eth": 0,
  "event": "",
  "exSources": Array [
    "",
  ],
  "force": false,
  "forceREST": false,
  "from": "",
  "gasLimit": 200000,
  "gasPrice": 5000000000,
  "gcp": false,
  "index": 0,
  "key": "",
  "live": false,
  "minEther": 0.02,
  "numOfHours": 2,
  "numOfMinutes": 2,
  "pair": "ETH|USD",
  "period": 10,
  "price": 0,
  "privateKey": "",
  "provider": "ws://localhost:8546",
  "pwd": "",
  "saveAccount": false,
  "server": false,
  "source": "source",
  "sources": Array [
    "",
  ],
  "to": "",
  "total": 10,
  "value": 0,
}
`;
